
<!DOCTYPE html PUBLIC "-//W3C//DTD HTML 4.01//EN">
<html>
<head>
  <title>Boot log: omap4-panda-es</title>
  <style type="text/css">
  body { background-color: black; color: white; }
  pre warn { color: #F88017; }
  pre err { color: red; }
  pre pass { color: green; }
  pre pyboot { color: yellow; }
  pre offline { color: darkgray; }
  A:link {text-decoration: none }
  A:visited {text-decoration: none }
  A:active {text-decoration: none }
  A:hover {text-decoration: bold; color: red; }
  </style>
</head>
<body>

<h1>Boot log: omap4-panda-es</h1>
<font size=-2><pre>
<h2>Boot result: <pass>PASS</pass></h2><h2>Errors: 0</h2><h2>Warnings: 0</h2><h2>Full boot log:</h2>
Trying 127.0.0.1...
Connected to localhost.
Escape character is '^]'.
dut1-panda-es
uid=0(root) gid=0(root) groups=0(root)
U-Boot SPL 2016.01-rc3 (Jan 06 2016 - 15:14:29)
OMAP4430 ES2.2
Trying to boot from MMC
SPL: Please implement spl_start_uboot() for your board
SPL: Direct Linux boot not active!
reading u-boot.img
reading u-boot.img
U-Boot 2016.01-rc3 (Jan 06 2016 - 15:14:29 +0100)
CPU  : OMAP4430 ES2.2
Board: OMAP4 Panda
I2C:   ready
DRAM:  1 GiB
MMC:   OMAP SD/MMC: 0
reading uboot.env
** Unable to read "uboot.env" from mmc0:1 **
Using default environment
Net:   No ethernet found.
:  2  0 
 
setenv autoload no
 
setenv initrd_high '0xffffffff'
 
 setenv fdt_high '0xffffffff'
 
setenv kernel_addr_r '0x81000000'
 
setenv initrd_addr_r '0x82000000'
 
setenv fdt_addr_r '0x81f00000'
 
setenv loadkernel 'tftp ${kernel_addr_r} tmpizmq05/.zImage'
 
 setenv loadinitrd 'tftp ${initrd_addr_r} tmpizmq05/ramdisk.cpio.gz.uboot; setenv initrd_size ${filesize}'
 
setenv loadfdt 'tftp ${fdt_addr_r} tmpizmq05/omap4-panda-es.dtb'
 
 setenv bootargs 'console=ttyO2,115200n8 root=/dev/ram0 fixrtc nocompcache vram=48M omapfb.vram=0:24M mem=456M@0x80000000 mem=512M@0xA0000000 ip=dhcp init=init'
 
 setenv bootcmd 'usb start; dhcp; setenv serverip 192.168.1.4; run loadkernel; run loadinitrd; run loadfdt; bootz ${kernel_addr_r} ${initrd_addr_r} ${fdt_addr_r}'
 
boot
starting USB...
USB0:   USB EHCI 1.00
scanning bus 0 for devices... 3 USB Device(s) found
       scanning usb for storage devices... 0 Storage Device(s) found
       scanning usb for ethernet devices... 1 Ethernet Device(s) found
Waiting for Ethernet connection... done.
BOOTP broadcast 1
*** Unhandled DHCP Option in OFFER/ACK: 125
*** Unhandled DHCP Option in OFFER/ACK: 125
DHCP client bound to address 192.168.1.170 (93 ms)
Waiting for Ethernet connection... done.
Using sms0 device
TFTP from server 192.168.1.4; our IP address is 192.168.1.170
Filename 'tmpizmq05/.zImage'.
Load address: 0x81000000
Loading: *#################################################################
	 #################################################################
	 #################################################################
	 #################################################################
	 #################################################################
	 #################################################################
	 ########################################################
	 2.2 MiB/s
done
Bytes transferred = 6535312 (63b890 hex)
Waiting for Ethernet connection... done.
Using sms0 device
TFTP from server 192.168.1.4; our IP address is 192.168.1.170
Filename 'tmpizmq05/ramdisk.cpio.gz.uboot'.
Load address: 0x82000000
Loading: *#################################################################
	 #################################################################
	 #################################################################
	 #################################################################
	 #################################################################
	 #################################################################
	 #################################################################
	 #################################################################
	 ##############################################
	 939.5 KiB/s
done
Bytes transferred = 8305077 (7eb9b5 hex)
Waiting for Ethernet connection... done.
Using sms0 device
TFTP from server 192.168.1.4; our IP address is 192.168.1.170
Filename 'tmpizmq05/omap4-panda-es.dtb'.
Load address: 0x81f00000
Loading: *####
	 2.1 MiB/s
done
Bytes transferred = 57185 (df61 hex)
Kernel image @ 0x81000000 [ 0x000000 - 0x63b890 ]
## Loading init Ramdisk from Legacy Image at 82000000 ...
   Image Name:   
   Image Type:   ARM Linux RAMDisk Image (uncompressed)
   Data Size:    8305013 Bytes = 7.9 MiB
   Load Address: 00000000
   Entry Point:  00000000
   Verifying Checksum ... OK
## Flattened Device Tree blob at 81f00000
   Booting using the fdt blob at 0x81f00000
   Using Device Tree in place at 81f00000, end 81f10f60
Starting kernel ...
[    0.000000] Booting Linux on physical CPU 0x0
 4.4.0-rc2-next-20151126 (buildslave@kbuilderdedi08) (gcc version 4.7.3 (Ubuntu/Linaro 4.7.3-12ubuntu1) ) #1 SMP Thu Nov 26 07:13:28 CET 2015
[    0.000000] CPU: ARMv7 Processor [411fc092] revision 2 (ARMv7), cr=10c5387d
[    0.000000] CPU: PIPT / VIPT nonaliasing data cache, VIPT aliasing instruction cache
[    0.000000] Machine model: TI OMAP4 PandaBoard-ES
[    0.000000] cma: Reserved 64 MiB at 0xbb800000
[    0.000000] Memory policy: Data cache writealloc
[    0.000000] OMAP4: Map 0xbfe00000 to fe600000 for dram barrier
[    0.000000] OMAP4430 ES2.2
[    0.000000] PERCPU: Embedded 12 pages/cpu @ef7ab000 s19136 r8192 d21824 u49152
[    0.000000] Built 1 zonelists in Zone order, mobility grouping on.  Total pages: 245760
[    0.000000] Kernel command line: console=ttyO2,115200n8 root=/dev/ram0 fixrtc nocompcache vram=48M omapfb.vram=0:24M mem=456M@0x80000000 mem=512M@0xA0000000 ip=dhcp init=init
[    0.000000] PID hash table entries: 4096 (order: 2, 16384 bytes)
[    0.000000] Dentry cache hash table entries: 131072 (order: 7, 524288 bytes)
[    0.000000] Inode-cache hash table entries: 65536 (order: 6, 262144 bytes)
[    0.000000] Memory: 892148K/989184K available (8275K kernel code, 1062K rwdata, 3736K rodata, 1016K init, 340K bss, 31500K reserved, 65536K cma-reserved, 194560K highmem)
[    0.000000] Virtual kernel memory layout:
[    0.000000]     vector  : 0xffff0000 - 0xffff1000   (   4 kB)
[    0.000000]     fixmap  : 0xffc00000 - 0xfff00000   (3072 kB)
[    0.000000]     vmalloc : 0xf0800000 - 0xff800000   ( 240 MB)
[    0.000000]     lowmem  : 0xc0000000 - 0xf0000000   ( 768 MB)
[    0.000000]     pkmap   : 0xbfe00000 - 0xc0000000   (   2 MB)
[    0.000000]     modules : 0xbf000000 - 0xbfe00000   (  14 MB)
[    0.000000]       .text : 0xc0208000 - 0xc0dc3e88   (12016 kB)
[    0.000000]       .init : 0xc0dc4000 - 0xc0ec2000   (1016 kB)
[    0.000000]       .data : 0xc0ec2000 - 0xc0fcb920   (1063 kB)
[    0.000000]        .bss : 0xc0fce000 - 0xc1023068   ( 341 kB)
[    0.000000] SLUB: HWalign=64, Order=0-3, MinObjects=0, CPUs=2, Nodes=1
[    0.000000] Hierarchical RCU implementation.
[    0.000000] 	Build-time adjustment of leaf fanout to 32.
[    0.000000] 	RCU restricting CPUs from NR_CPUS=16 to nr_cpu_ids=2.
[    0.000000] RCU: Adjusting geometry for rcu_fanout_leaf=32, nr_cpu_ids=2
[    0.000000] NR_IRQS:16 nr_irqs:16 16
[    0.000000] L2C: platform modifies aux control register: 0x0e070000 -> 0x3e470000
[    0.000000] L2C: DT/platform modifies aux control register: 0x0e070000 -> 0x3e470000
[    0.000000] L2C-310 errata 727915 769419 enabled
[    0.000000] L2C-310 enabling early BRESP for Cortex-A9
[    0.000000] L2C-310 ID prefetch enabled, offset 1 lines
[    0.000000] L2C-310 cache controller enabled, 16 ways, 1024 kB
[    0.000000] L2C-310: CACHE_ID 0x410000c4, AUX_CTRL 0x7e470000
[    0.000000] ti_dt_clocks_register: failed to lookup clock node dss_fck
[    0.000000] ti_dt_clocks_register: failed to lookup clock node dss_fck
[    0.000000] ti_dt_clocks_register: failed to lookup clock node bandgap_fclk
[    0.000000] OMAP clockevent source: timer1 at 32768 Hz
[    0.000000] clocksource: 32k_counter: mask: 0xffffffff max_cycles: 0xffffffff, max_idle_ns: 58327039986419 ns
[    0.000030] sched_clock: 32 bits at 32kHz, resolution 30517ns, wraps every 65535999984741ns
[    0.000030] OMAP clocksource: 32k_counter at 32768 Hz
[    0.004547] Console: colour dummy device 80x30
[    0.004577] Calibrating delay loop... 1195.21 BogoMIPS (lpj=2988032)
[    0.030212] pid_max: default: 32768 minimum: 301
[    0.030364] Mount-cache hash table entries: 2048 (order: 1, 8192 bytes)
[    0.030364] Mountpoint-cache hash table entries: 2048 (order: 1, 8192 bytes)
[    0.031158] CPU: Testing write buffer coherency: ok
[    0.031433] CPU0: thread -1, cpu 0, socket 0, mpidr 80000000
[    0.031524] Setting up static identity map for 0x80209000 - 0x80209098
[    0.065216] CPU1: thread -1, cpu 1, socket 0, mpidr 80000001
[    0.065307] Brought up 2 CPUs
[    0.065307] SMP: Total of 2 processors activated (2390.42 BogoMIPS).
[    0.065338] CPU: All CPU(s) started in SVC mode.
[    0.066345] devtmpfs: initialized
[    0.085937] VFP support v0.3: implementor 41 architecture 3 part 30 variant 9 rev 1
[    0.088409] omap_hwmod: l3_main_3 using broken dt data from ocp
[    0.090026] omap_hwmod: l3_main_2 using broken dt data from ocp
[    0.189666] clocksource: jiffies: mask: 0xffffffff max_cycles: 0xffffffff, max_idle_ns: 9556302231375000 ns
[    0.196044] pinctrl core: initialized pinctrl subsystem
[    0.198547] NET: Registered protocol family 16
[    0.201446] DMA: preallocated 256 KiB pool for atomic coherent allocations
[    0.215270] cpuidle: using governor ladder
[    0.230255] cpuidle: using governor menu
[    0.239379] OMAP GPIO hardware version 0.1
[    0.244628] omap-gpmc 50000000.gpmc: GPMC revision 6.0
[    0.244628] gpmc_mem_init: disabling cs 0 mapped at 0x0-0x1000000
[    0.245269] irq: no irq domain found for /ocp/l4@4a000000/scm@100000/pinmux@40 !
[    0.245727] irq: no irq domain found for /ocp/l4@4a000000/scm@100000/pinmux@40 !
[    0.246154] irq: no irq domain found for /ocp/l4@4a000000/scm@100000/pinmux@40 !
[    0.259765] platform 4b501000.aes: Cannot lookup hwmod 'aes'
[    0.260101] platform 480a5000.des: Cannot lookup hwmod 'des'
[    0.266754] No ATAGs?
[    0.266815] hw-breakpoint: found 5 (+1 reserved) breakpoint and 1 watchpoint registers.
[    0.266815] hw-breakpoint: maximum watchpoint size is 4 bytes.
[    0.269104] OMAP DMA hardware revision 0.0
[    0.275207] Serial: AMBA PL011 UART driver
[    0.278381] ARM PMU: not yet supported on OMAP4430 due to missing CTI driver
[    0.308441] omap-dma-engine 4a056000.dma-controller: OMAP DMA engine driver
[    0.385345] reg-fixed-voltage wl12xx_vmmc: could not find pctldev for node /ocp/l4@4a000000/scm@100000/pinmux@40/pinmux_wl12xx_gpio, deferring probe
[    0.391052] vgaarb: loaded
[    0.392364] SCSI subsystem initialized
[    0.392913] usbcore: registered new interface driver usbfs
[    0.393005] usbcore: registered new interface driver hub
[    0.393066] usbcore: registered new device driver usb
[    0.394622] omap_i2c 48070000.i2c: could not find pctldev for node /ocp/l4@4a000000/scm@100000/pinmux@40/pinmux_i2c1_pins, deferring probe
[    0.394653] omap_i2c 48072000.i2c: could not find pctldev for node /ocp/l4@4a000000/scm@100000/pinmux@40/pinmux_i2c2_pins, deferring probe
[    0.394714] omap_i2c 48060000.i2c: could not find pctldev for node /ocp/l4@4a000000/scm@100000/pinmux@40/pinmux_i2c3_pins, deferring probe
[    0.394744] omap_i2c 48350000.i2c: could not find pctldev for node /ocp/l4@4a000000/scm@100000/pinmux@40/pinmux_i2c4_pins, deferring probe
[    0.396362] pps_core: LinuxPPS API ver. 1 registered
[    0.396362] pps_core: Software ver. 5.3.6 - Copyright 2005-2007 Rodolfo Giometti <giometti@linux.it>
[    0.396392] PTP clock support registered
[    0.396728] EDAC MC: Ver: 3.0.0
[    0.400085] clocksource: Switched to clocksource 32k_counter
[    0.413940] NET: Registered protocol family 2
[    0.414611] TCP established hash table entries: 8192 (order: 3, 32768 bytes)
[    0.414733] TCP bind hash table entries: 8192 (order: 4, 65536 bytes)
[    0.414947] TCP: Hash tables configured (established 8192 bind 8192)
[    0.415008] UDP hash table entries: 512 (order: 2, 16384 bytes)
[    0.415161] UDP-Lite hash table entries: 512 (order: 2, 16384 bytes)
[    0.415435] NET: Registered protocol family 1
[    0.415802] RPC: Registered named UNIX socket transport module.
[    0.415802] RPC: Registered udp transport module.
[    0.415832] RPC: Registered tcp transport module.
[    0.415832] RPC: Registered tcp NFSv4.1 backchannel transport module.
[    0.418365] Unpacking initramfs...
[    1.245239] Freeing initrd memory: 8112K (c2000000 - c27ec000)
[    1.246459] hw perfevents: enabled with armv7_cortex_a9 PMU driver, 7 counters available
[    1.249267] futex hash table entries: 512 (order: 3, 32768 bytes)
[    1.263122] squashfs: version 4.0 (2009/01/31) Phillip Lougher
[    1.264190] NFS: Registering the id_resolver key type
[    1.264251] Key type id_resolver registered
[    1.264251] Key type id_legacy registered
[    1.264343] ntfs: driver 2.1.32 [Flags: R/O].
[    1.266082] bounce: pool size: 64 pages
[    1.266357] Block layer SCSI generic (bsg) driver version 0.4 loaded (major 249)
[    1.266357] io scheduler noop registered
[    1.266387] io scheduler deadline registered
[    1.266448] io scheduler cfq registered (default)
[    1.275756] pinctrl-single 4a100040.pinmux: 203 pins at pa fc100040 size 406
[    1.276000] pinctrl-single 4a31e040.pinmux: 28 pins at pa fc31e040 size 56
[    1.364898] Serial: 8250/16550 driver, 4 ports, IRQ sharing disabled
[    1.368316] SuperH (H)SCI(F) driver initialized
[    1.369842] msm_serial: driver initialized
[    1.370910] omap_uart 4806a000.serial: no wakeirq for uart0
[    1.371063] 4806a000.serial: ttyO0 at MMIO 0x4806a000 (irq = 226, base_baud = 3000000) is a OMAP UART0
[    1.371765] 4806c000.serial: ttyO1 at MMIO 0x4806c000 (irq = 227, base_baud = 3000000) is a OMAP UART1
[    1.372314] 48020000.serial: ttyO2 at MMIO 0x48020000 (irq = 228, base_baud = 3000000) is a OMAP UART2
[    2.234649] console [ttyO2] enabled
[    2.238861] 4806e000.serial: ttyO3 at MMIO 0x4806e000 (irq = 229, base_baud = 3000000) is a OMAP UART3
[    2.249145] STMicroelectronics ASC driver initialized
[    2.257263] [drm] Initialized drm 1.1.0 20060810
[    2.274719] loop: module loaded
[    2.291381] libphy: Fixed MDIO Bus: probed
[    2.296630] CAN device driver interface
[    2.303039] igb: Intel(R) Gigabit Ethernet Network Driver - version 5.3.0-k
[    2.310333] igb: Copyright (c) 2007-2014 Intel Corporation.
[    2.321350] pegasus: v0.9.3 (2013/04/25), Pegasus/Pegasus II USB Ethernet driver
[    2.329193] usbcore: registered new interface driver pegasus
[    2.335205] usbcore: registered new interface driver asix
[    2.340942] usbcore: registered new interface driver ax88179_178a
[    2.347412] usbcore: registered new interface driver cdc_ether
[    2.353607] usbcore: registered new interface driver smsc75xx
[    2.359741] usbcore: registered new interface driver smsc95xx
[    2.365814] usbcore: registered new interface driver net1080
[    2.371826] usbcore: registered new interface driver cdc_subset
[    2.378082] usbcore: registered new interface driver zaurus
[    2.384063] usbcore: registered new interface driver cdc_ncm
[    2.392730] ehci_hcd: USB 2.0 'Enhanced' Host Controller (EHCI) Driver
[    2.399597] ehci-pci: EHCI PCI platform driver
[    2.404327] ehci-platform: EHCI generic platform driver
[    2.410186] ehci-omap: OMAP-EHCI Host Controller driver
[    2.436218] ehci-omap 4a064c00.ehci: EHCI Host Controller
[    2.441925] ehci-omap 4a064c00.ehci: new USB bus registered, assigned bus number 1
[    2.450256] ehci-omap 4a064c00.ehci: irq 336, io mem 0x4a064c00
[    2.465118] ehci-omap 4a064c00.ehci: USB 2.0 started, EHCI 1.00
[    2.472259] hub 1-0:1.0: USB hub found
[    2.476226] hub 1-0:1.0: 3 ports detected
[    2.481109] ehci-orion: EHCI orion driver
[    2.485656] SPEAr-ehci: EHCI SPEAr driver
[    2.490112] ehci-st: EHCI STMicroelectronics driver
[    2.495452] ehci-exynos: EHCI EXYNOS driver
[    2.500091] ehci-atmel: EHCI Atmel driver
[    2.504516] tegra-ehci: Tegra EHCI driver
[    2.509002] ohci_hcd: USB 1.1 'Open' Host Controller (OHCI) Driver
[    2.515502] ohci-pci: OHCI PCI platform driver
[    2.520263] ohci-platform: OHCI generic platform driver
[    2.526031] ohci-omap3: OHCI OMAP3 driver
[    2.530517] ohci-omap3 4a064800.ohci: OHCI Host Controller
[    2.536285] ohci-omap3 4a064800.ohci: new USB bus registered, assigned bus number 2
[    2.544494] ohci-omap3 4a064800.ohci: irq 335, io mem 0x4a064800
[    2.625976] hub 2-0:1.0: USB hub found
[    2.629943] hub 2-0:1.0: 3 ports detected
[    2.634796] SPEAr-ohci: OHCI SPEAr driver
[    2.639282] ohci-st: OHCI STMicroelectronics driver
[    2.644653] ohci-atmel: OHCI Atmel driver
[    2.649780] usbcore: registered new interface driver usb-storage
[    2.658508] mousedev: PS/2 mouse device common for all mice
[    2.670013] i2c /dev entries driver
[    2.688232] sdhci: Secure Digital Host Controller Interface driver
[    2.694702] sdhci: Copyright(c) Pierre Ossman
[    2.731842] Synopsys Designware Multimedia Card Interface Driver
[    2.740020] sdhci-pltfm: SDHCI platform and OF driver helper
[    2.749786] ledtrig-cpu: registered to indicate activity on CPUs
[    2.756622] usbcore: registered new interface driver usbhid
[    2.762481] usbhid: USB HID core driver
[    2.773773] NET: Registered protocol family 10
[    2.779418] sit: IPv6 over IPv4 tunneling driver
[    2.785064] NET: Registered protocol family 17
[    2.789764] can: controller area network core (rev 20120528 abi 9)
[    2.796295] NET: Registered protocol family 29
[    2.800109] usb 1-1: new high-speed USB device number 2 using ehci-omap
[    2.807952] can: raw protocol (rev 20120528)
[    2.812438] can: broadcast manager protocol (rev 20120528 t)
[    2.818389] can: netlink gateway (rev 20130117) max_hops=1
[    2.824737] Key type dns_resolver registered
[    2.829650] twl: not initialized
[    2.833038] twl6030_uv_to_vsel:OUT OF RANGE! non mapped vsel for 1375000 Vs max 1316660
[    2.841430] twl6030_uv_to_vsel:OUT OF RANGE! non mapped vsel for 1375000 Vs max 1316660
[    2.849822] twl6030_uv_to_vsel:OUT OF RANGE! non mapped vsel for 1375000 Vs max 1316660
[    2.858215] twl6030_uv_to_vsel:OUT OF RANGE! non mapped vsel for 1375000 Vs max 1316660
[    2.866607] twl6030_uv_to_vsel:OUT OF RANGE! non mapped vsel for 1375000 Vs max 1316660
[    2.874999] twl6030_uv_to_vsel:OUT OF RANGE! non mapped vsel for 1375000 Vs max 1316660
[    2.883392] twl6030_uv_to_vsel:OUT OF RANGE! non mapped vsel for 1410000 Vs max 1316660
[    2.891784] omap2_set_init_voltage: unable to find boot up OPP for vdd_mpu
[    2.898986] omap2_set_init_voltage: unable to set vdd_mpu
[    2.904632] omap2_set_init_voltage: unable to find boot up OPP for vdd_core
[    2.911926] omap2_set_init_voltage: unable to set vdd_core
[    2.917694] omap2_set_init_voltage: unable to find boot up OPP for vdd_iva
[    2.924896] omap2_set_init_voltage: unable to set vdd_iva
[    2.931640] cpufreq: cpufreq_online: CPU0: Running at unlisted freq: 600000 KHz
[    2.939727] cpufreq: cpufreq_online: CPU0: Unlisted initial frequency changed to: 700000 KHz
[    2.949096] Power Management for TI OMAP4+ devices.
[    2.954223] OMAP4 PM: u-boot >= v2012.07 is required for full PM support
[    2.961395] ThumbEE CPU extension supported.
[    2.966125] Registering SWP/SWPB emulation handler
[    2.972167] hub 1-1:1.0: USB hub found
[    2.976257] hub 1-1:1.0: 5 ports detected
[    2.982452] Skipping twl internal clock init and using bootloader value (unknown osc rate)
[    3.010589] twl 0-0048: PIH (irq 340) nested IRQs
[    3.017700] twl_rtc 48070000.i2c:twl@48:rtc: Enabling TWL-RTC
[    3.026123] twl_rtc 48070000.i2c:twl@48:rtc: rtc core: registered 48070000.i2c:twl@48 as rtc0
[    3.045104] omap_i2c 48070000.i2c: bus 0 rev0.10 at 400 kHz
[    3.053894] omap_i2c 48072000.i2c: bus 1 rev0.10 at 400 kHz
[    3.060760] omap_i2c 48060000.i2c: bus 2 rev0.10 at 100 kHz
[    3.067230] omap_i2c 48350000.i2c: bus 3 rev0.10 at 400 kHz
[    3.216796] twl_rtc 48070000.i2c:twl@48:rtc: setting system clock to 2016-01-06 15:23:52 UTC (1452093832)
[    3.240295] mmc0: host does not support reading read-only switch, assuming write-enable
[    3.250640] mmc0: new high speed SDHC card at address b368
[    3.257080] mmcblk0: mmc0:b368 USD   7.45 GiB 
[    3.263000]  mmcblk0: p1 p2
[    3.271575] usb 1-1.1: new high-speed USB device number 3 using ehci-omap
[    3.388000] smsc95xx v1.0.4
[    3.459259] smsc95xx 1-1.1:1.0 eth0: register 'smsc95xx' at usb-4a064c00.ehci-1.1, smsc95xx USB 2.0 Ethernet, aa:42:31:8d:27:1f
[    4.338775] smsc95xx 1-1.1:1.0 eth0: hardware isn't capable of remote wakeup
[    4.346374] IPv6: ADDRCONF(NETDEV_UP): eth0: link is not ready
[    5.869506] smsc95xx 1-1.1:1.0 eth0: link up, 100Mbps, full-duplex, lpa 0xC5E1
[    5.877319] IPv6: ADDRCONF(NETDEV_CHANGE): eth0: link becomes ready
[    5.890106] Sending DHCP requests ., OK
[    7.035095] IP-Config: Got DHCP answer from 192.168.1.1, my address is 192.168.1.174
[    7.035095] IP-Config: Complete:
[    7.046966]      device=eth0, hwaddr=aa:42:31:8d:27:1f, ipaddr=192.168.1.174, mask=255.255.255.0, gw=192.168.1.1
[    7.057800]      host=192.168.1.174, domain=home, nis-domain=(none)
[    7.064483]      bootserver=192.168.1.1, rootserver=192.168.1.1, rootpath=     nameserver0=192.168.1.1
[    7.074645] vwl1271: disabling
[    7.081268] VDAC: disabling
[    7.084808] VANA: disabling
[    7.088439] VUSB: disabling
16K (c0dc4000 - c0ec2000)
Starting logging: OK
Populating /dev using udev: [    7.183593] udevd[83]: starting version 2.1.1
[    7.188537] random: udevd urandom read with 9 bits of entropy available
done
Initializing random number generator... done.
Starting network...
ip: RTNETLINK answers: File exists
Starting dropbear sshd: OK
/bin/sh: can't access tty; job control turned off
 
 export PS1="linaro-test [rc=$(echo \$?)]# "
 
 
mount
rootfs on / type rootfs (rw)
devtmpfs on /dev type devtmpfs (rw,relatime,size=446072k,nr_inodes=111518,mode=755)
proc on /proc type proc (rw,relatime)
devpts on /dev/pts type devpts (rw,relatime,gid=5,mode=620)
tmpfs on /dev/shm type tmpfs (rw,relatime,mode=777)
tmpfs on /tmp type tmpfs (rw,relatime)
tmpfs on /run type tmpfs (rw,nosuid,nodev,relatime,mode=755)
sysfs on /sys type sysfs (rw,relatime)
none on /sys/kernel/debug type debugfs (rw,relatime)
 
df
Filesystem           1K-blocks      Used Available Use% Mounted on
devtmpfs                446072         0    446072   0% /dev
tmpfs                   483404         0    483404   0% /dev/shm
tmpfs                   483404        36    483368   0% /tmp
tmpfs                   483404        80    483324   0% /run
 
ls /
[1;34mbin[0m      [1;34metc[0m      [1;34mlib[0m      [1;34mmedia[0m    [1;34mproc[0m     [1;34msbin[0m     [1;34musr[0m
[1;36mdebug[0m    [1;34mhome[0m     [1;36mlib32[0m    [1;34mmnt[0m      [1;34mroot[0m     [1;34msys[0m      [1;34mvar[0m
[1;34mdev[0m      [1;32minit[0m     [1;36mlinuxrc[0m  [1;34mopt[0m      [1;34mrun[0m      [1;34mtmp[0m
 
ip addr
1: lo: <LOOPBACK,UP,LOWER_UP> mtu 65536 qdisc noqueue 
    link/loopback 00:00:00:00:00:00 brd 00:00:00:00:00:00
    inet 127.0.0.1/8 scope host lo
       valid_lft forever preferred_lft forever
    inet6 ::1/128 scope host 
       valid_lft forever preferred_lft forever
2: sit0@NONE: <NOARP> mtu 1480 qdisc noop 
    link/sit 0.0.0.0 brd 0.0.0.0
3: eth0: <BROADCAST,MULTICAST,UP,LOWER_UP> mtu 1500 qdisc pfifo_fast qlen 1000
    link/ether aa:42:31:8d:27:1f brd ff:ff:ff:ff:ff:ff
    inet 192.168.1.174/24 brd 192.168.1.255 scope global eth0
       valid_lft forever preferred_lft forever
    inet6 fe80::a842:31ff:fe8d:271f/64 scope link 
       valid_lft forever preferred_lft forever
 
test -e /proc/net/pnp
 
test -s /etc/resolv.conf
uid=0(root) gid=0(root) groups=0(root)
</pre></font></body></html>